<html>
<body>
<pre>
<h1>µVision Build Log</h1>
<h2>Tool Versions:</h2>
IDE-Version: µVision V5.28.0.0
Copyright (C) 2019 ARM Ltd and ARM Germany GmbH. All rights reserved.
License Information: Michael ett14478, none, LIC=----
 
Tool Versions:
Toolchain:       MDK-Lite  Version: 5.28.0.0
Toolchain Path:  C:\Program Files (x86)\Keil_v5\ARM\ARMCC\Bin
C Compiler:      Armcc.exe V5.06 update 6 (build 750)
Assembler:       Armasm.exe V5.06 update 6 (build 750)
Linker/Locator:  ArmLink.exe V5.06 update 6 (build 750)
Library Manager: ArmAr.exe V5.06 update 6 (build 750)
Hex Converter:   FromElf.exe V5.06 update 6 (build 750)
CPU DLL:         SARMCM3.DLL V5.28.0.0
Dialog DLL:      DCM.DLL V1.17.3.0
Target DLL:      STLink\ST-LINKIII-KEIL_SWO.dll V3.0.6.0
Dialog DLL:      TCM.DLL V1.36.2.0
 
<h2>Project:</h2>
C:\Users\ett14478\Downloads\STM32_Projects\Nucleo_L476RG_PR_5_Timer2\Nucleo_L476RG_PR_4.uvprojx
Project File Date:  09/17/2019

<h2>Output:</h2>
*** Using Compiler 'V5.06 update 6 (build 750)', folder: 'C:\Program Files (x86)\Keil_v5\ARM\ARMCC\Bin'
Rebuild target 'Target_Interrupts'
compiling Thread.c...
compiling Buttons_NUCLEO-L476RG.c...
compiling LED_NUCLEO-L476RG.c...
assembling startup_stm32l476xx.s...
compiling RTX_Conf_CM.c...
compiling system_stm32l4xx.c...
compiling main.c...
linking...
Program Size: Code=6128 RO-data=548 RW-data=72 ZI-data=4752  
FromELF: creating hex file...
".\Objects\Nucleo_L476RG_button_interrupt.axf" - 0 Error(s), 0 Warning(s).

<h2>Software Packages used:</h2>

Package Vendor: ARM
                http://www.keil.com/pack/ARM.CMSIS.5.6.0.pack
                ARM.CMSIS.5.6.0
                CMSIS (Cortex Microcontroller Software Interface Standard)
   * Component: RTOS Version: 1.0.0
   * Component: CORE Version: 5.3.0
   * Component: Keil RTX Version: 4.82.0

Package Vendor: Keil
                http://www.keil.com/pack/Keil.MDK-Middleware.7.8.0.pack
                Keil.MDK-Middleware.7.8.0
                Middleware for Keil MDK-Professional and MDK-Plus
   * Component: Buttons Version: 1.0.0
   * Component: LED Version: 1.0.0

Package Vendor: Keil
                http://www.keil.com/pack/Keil.STM32L4xx_DFP.2.2.0.pack
                Keil.STM32L4xx_DFP.2.2.0
                STMicroelectronics STM32L4 Series Device Support, Drivers and Examples
   * Component: Startup Version: 1.3.1

Package Vendor: Keil
                http://www.keil.com/pack/Keil.STM32NUCLEO_BSP.1.7.0.pack
                Keil.STM32NUCLEO_BSP.1.7.0
                STMicroelectronics Nucleo Boards Support and Examples
   * Component: Buttons Version: 1.0.0
   * Component: LED Version: 1.0.0

<h2>Collection of Component include folders:</h2>
  .\RTE\_Target_Interrupts
  C:\Users\ett14478\AppData\Local\Arm\Packs\ARM\CMSIS\5.6.0\CMSIS\Core\Include
  C:\Users\ett14478\AppData\Local\Arm\Packs\ARM\CMSIS\5.6.0\CMSIS\RTOS\RTX\INC
  C:\Users\ett14478\AppData\Local\Arm\Packs\Keil\MDK-Middleware\7.8.0\Board
  C:\Users\ett14478\AppData\Local\Arm\Packs\Keil\STM32L4xx_DFP\2.2.0\Drivers\CMSIS\Device\ST\STM32L4xx\Include

<h2>Collection of Component Files used:</h2>

   * Component: ::Board Support:Buttons:1.0.0 (API)
      Include file:  Board\Board_Buttons.h

   * Component: ::Board Support:LED:1.0.0 (API)
      Include file:  Board\Board_LED.h

   * Component: ::CMSIS:RTOS:1.0.0 (API)

   * Component: ARM::CMSIS:CORE:5.3.0

   * Component: ARM::CMSIS:RTOS:Keil RTX:4.82.0
      Include file:  CMSIS\RTOS\RTX\INC\cmsis_os.h
      Source file:   CMSIS\RTOS\RTX\Templates\RTX_Conf_CM.c
      Include file:  CMSIS\RTOS\RTX\UserCodeTemplates\osObjects.h
      Source file:   CMSIS\RTOS\RTX\UserCodeTemplates\Mutex.c
      Source file:   CMSIS\RTOS\RTX\UserCodeTemplates\MsgQueue.c
      Source file:   CMSIS\RTOS\RTX\UserCodeTemplates\main.c
      Library file:  CMSIS\RTOS\RTX\LIB\ARM\RTX_CM4.lib
      Source file:   CMSIS\RTOS\RTX\UserCodeTemplates\Timer.c
      Source file:   CMSIS\RTOS\RTX\UserCodeTemplates\MailQueue.c
      Source file:   CMSIS\RTOS\RTX\UserCodeTemplates\MemPool.c
      Source file:   CMSIS\RTOS\RTX\UserCodeTemplates\Thread.c
      Source file:   CMSIS\RTOS\RTX\UserCodeTemplates\Semaphore.c
      Source file:   CMSIS\RTOS\RTX\SRC\ARM\SVC_Table.s

   * Component: Keil.NUCLEO-L476RG::Board Support:Buttons:1.0.0
      Source file:   Boards\ST\NUCLEO-L476RG\Common\Buttons_NUCLEO-L476RG.c

   * Component: Keil.NUCLEO-L476RG::Board Support:LED:1.0.0
      Source file:   Boards\ST\NUCLEO-L476RG\Common\LED_NUCLEO-L476RG.c

   * Component: Keil::Device:Startup:1.3.1
      Source file:   MDK\Device\Source\ARM\STM32L4xx_DB_OPT.s
      Include file:  Drivers\CMSIS\Device\ST\STM32L4xx\Include\stm32l4xx.h
      Source file:   Drivers\CMSIS\Device\ST\STM32L4xx\Source\Templates\arm\startup_stm32l476xx.s
      Source file:   Drivers\CMSIS\Device\ST\STM32L4xx\Source\Templates\system_stm32l4xx.c
Build Time Elapsed:  00:00:15
</pre>
</body>
</html>
